// Jest Snapshot v1, https://goo.gl/fbAQLP

exports[`@processor: service checks * processes mapping properly 1`] = `
Array [
  Object {
    "appearance": "filled",
    "name": "Button",
    "states": Array [
      "disabled",
      "disabled.active",
      "active",
    ],
    "variants": Array [
      "primary",
      "success",
      "info",
      "warning",
      "danger",
      "primary.tiny",
      "primary.small",
      "primary.medium",
      "primary.large",
      "primary.giant",
      "success.tiny",
      "success.small",
      "success.medium",
      "success.large",
      "success.giant",
      "info.tiny",
      "info.small",
      "info.medium",
      "info.large",
      "info.giant",
      "warning.tiny",
      "warning.small",
      "warning.medium",
      "warning.large",
      "warning.giant",
      "danger.tiny",
      "danger.small",
      "danger.medium",
      "danger.large",
      "danger.giant",
      "tiny",
      "small",
      "medium",
      "large",
      "giant",
    ],
  },
  Object {
    "appearance": "outline",
    "name": "Button",
    "states": Array [
      "disabled",
      "disabled.active",
      "active",
    ],
    "variants": Array [
      "primary",
      "success",
      "info",
      "warning",
      "danger",
      "primary.tiny",
      "primary.small",
      "primary.medium",
      "primary.large",
      "primary.giant",
      "success.tiny",
      "success.small",
      "success.medium",
      "success.large",
      "success.giant",
      "info.tiny",
      "info.small",
      "info.medium",
      "info.large",
      "info.giant",
      "warning.tiny",
      "warning.small",
      "warning.medium",
      "warning.large",
      "warning.giant",
      "danger.tiny",
      "danger.small",
      "danger.medium",
      "danger.large",
      "danger.giant",
      "tiny",
      "small",
      "medium",
      "large",
      "giant",
    ],
  },
]
`;
